MPLINK 5.08, LINKER
Linker Map File - Created Wed May 02 07:49:23 2018

                                 Section Info
                  Section       Type    Address   Location Size(Bytes)
                ---------  ---------  ---------  ---------  ---------
                 RES_VECT       code   0x000000    program   0x000002
                   .cinit    romdata   0x000001    program   0x000004
                MAIN_PROG       code   0x000003    program   0x000082
.config_8007_BUILD/DEFAULT/PRODUCTION/TESTZ20       code   0x008007    program   0x000002
.config_8008_BUILD/DEFAULT/PRODUCTION/TESTZ20       code   0x008008    program   0x000002
.config_8009_BUILD/DEFAULT/PRODUCTION/TESTZ20       code   0x008009    program   0x000002
.config_800A_BUILD/DEFAULT/PRODUCTION/TESTZ20       code   0x00800a    program   0x000002
.config_800B_BUILD/DEFAULT/PRODUCTION/TESTZ20       code   0x00800b    program   0x000002



                              Program Memory Usage 
                               Start         End      
                           ---------   ---------      
                            0x000000    0x000043      
                            0x008007    0x00800b      
            73 out of 8458 program addresses used, program memory utilization is 0%



                              Symbols - Sorted by Name
                     Name    Address   Location    Storage File                     
                ---------  ---------  ---------  --------- ---------                
                Delay25us   0x00003e    program     static C:\Users\OZHall\MPLABXProjects\TestZ209Hardware.X\TestZ209Hardware.asm
                  Delay_0   0x000040    program     static C:\Users\OZHall\MPLABXProjects\TestZ209Hardware.X\TestZ209Hardware.asm
            IncrementDone   0x00000c    program     static C:\Users\OZHall\MPLABXProjects\TestZ209Hardware.X\TestZ209Hardware.asm
               Init_Ports   0x000020    program     static C:\Users\OZHall\MPLABXProjects\TestZ209Hardware.X\TestZ209Hardware.asm
                   Is_Off   0x00001c    program     static C:\Users\OZHall\MPLABXProjects\TestZ209Hardware.X\TestZ209Hardware.asm
                    Is_On   0x00001e    program     static C:\Users\OZHall\MPLABXProjects\TestZ209Hardware.X\TestZ209Hardware.asm
               Long_Delay   0x000038    program     static C:\Users\OZHall\MPLABXProjects\TestZ209Hardware.X\TestZ209Hardware.asm
                 MainLoop   0x000007    program     static C:\Users\OZHall\MPLABXProjects\TestZ209Hardware.X\TestZ209Hardware.asm
                 Osc_Init   0x00002c    program     static C:\Users\OZHall\MPLABXProjects\TestZ209Hardware.X\TestZ209Hardware.asm
               Output2DAC   0x00000f    program     static C:\Users\OZHall\MPLABXProjects\TestZ209Hardware.X\TestZ209Hardware.asm
                    START   0x000003    program     static C:\Users\OZHall\MPLABXProjects\TestZ209Hardware.X\TestZ209Hardware.asm
               Toggle_LED   0x000019    program     static C:\Users\OZHall\MPLABXProjects\TestZ209Hardware.X\TestZ209Hardware.asm
                innerLoop   0x00003a    program     static C:\Users\OZHall\MPLABXProjects\TestZ209Hardware.X\TestZ209Hardware.asm



                              Symbols - Sorted by Address
                     Name    Address   Location    Storage File                     
                ---------  ---------  ---------  --------- ---------                
                    START   0x000003    program     static C:\Users\OZHall\MPLABXProjects\TestZ209Hardware.X\TestZ209Hardware.asm
                 MainLoop   0x000007    program     static C:\Users\OZHall\MPLABXProjects\TestZ209Hardware.X\TestZ209Hardware.asm
            IncrementDone   0x00000c    program     static C:\Users\OZHall\MPLABXProjects\TestZ209Hardware.X\TestZ209Hardware.asm
               Output2DAC   0x00000f    program     static C:\Users\OZHall\MPLABXProjects\TestZ209Hardware.X\TestZ209Hardware.asm
               Toggle_LED   0x000019    program     static C:\Users\OZHall\MPLABXProjects\TestZ209Hardware.X\TestZ209Hardware.asm
                   Is_Off   0x00001c    program     static C:\Users\OZHall\MPLABXProjects\TestZ209Hardware.X\TestZ209Hardware.asm
                    Is_On   0x00001e    program     static C:\Users\OZHall\MPLABXProjects\TestZ209Hardware.X\TestZ209Hardware.asm
               Init_Ports   0x000020    program     static C:\Users\OZHall\MPLABXProjects\TestZ209Hardware.X\TestZ209Hardware.asm
                 Osc_Init   0x00002c    program     static C:\Users\OZHall\MPLABXProjects\TestZ209Hardware.X\TestZ209Hardware.asm
               Long_Delay   0x000038    program     static C:\Users\OZHall\MPLABXProjects\TestZ209Hardware.X\TestZ209Hardware.asm
                innerLoop   0x00003a    program     static C:\Users\OZHall\MPLABXProjects\TestZ209Hardware.X\TestZ209Hardware.asm
                Delay25us   0x00003e    program     static C:\Users\OZHall\MPLABXProjects\TestZ209Hardware.X\TestZ209Hardware.asm
                  Delay_0   0x000040    program     static C:\Users\OZHall\MPLABXProjects\TestZ209Hardware.X\TestZ209Hardware.asm


